../Core/Src/liquidcrystal_i2c.c:143:6:HD44780_Init	16	static
../Core/Src/liquidcrystal_i2c.c:204:6:HD44780_Clear	8	static
../Core/Src/liquidcrystal_i2c.c:210:6:HD44780_Home	8	static
../Core/Src/liquidcrystal_i2c.c:216:6:HD44780_SetCursor	40	static
../Core/Src/liquidcrystal_i2c.c:226:6:HD44780_NoDisplay	8	static
../Core/Src/liquidcrystal_i2c.c:232:6:HD44780_Display	8	static
../Core/Src/liquidcrystal_i2c.c:238:6:HD44780_NoCursor	8	static
../Core/Src/liquidcrystal_i2c.c:244:6:HD44780_Cursor	8	static
../Core/Src/liquidcrystal_i2c.c:250:6:HD44780_NoBlink	8	static
../Core/Src/liquidcrystal_i2c.c:256:6:HD44780_Blink	8	static
../Core/Src/liquidcrystal_i2c.c:262:6:HD44780_ScrollDisplayLeft	8	static
../Core/Src/liquidcrystal_i2c.c:267:6:HD44780_ScrollDisplayRight	8	static
../Core/Src/liquidcrystal_i2c.c:272:6:HD44780_LeftToRight	8	static
../Core/Src/liquidcrystal_i2c.c:278:6:HD44780_RightToLeft	8	static
../Core/Src/liquidcrystal_i2c.c:284:6:HD44780_AutoScroll	8	static
../Core/Src/liquidcrystal_i2c.c:290:6:HD44780_NoAutoScroll	8	static
../Core/Src/liquidcrystal_i2c.c:296:6:HD44780_CreateSpecialChar	24	static
../Core/Src/liquidcrystal_i2c.c:306:6:HD44780_Create1	24	static
../Core/Src/liquidcrystal_i2c.c:315:6:HD44780_PrintSpecialChar	16	static
../Core/Src/liquidcrystal_i2c.c:320:6:HD44780_LoadCustomCharacter	16	static
../Core/Src/liquidcrystal_i2c.c:325:6:HD44780_PrintStr	16	static
../Core/Src/liquidcrystal_i2c.c:330:6:HD44780_SetBacklight	16	static
../Core/Src/liquidcrystal_i2c.c:336:6:HD44780_NoBacklight	8	static
../Core/Src/liquidcrystal_i2c.c:342:6:HD44780_Backlight	8	static
../Core/Src/liquidcrystal_i2c.c:348:13:SendCommand	16	static
../Core/Src/liquidcrystal_i2c.c:353:13:SendChar	16	static
../Core/Src/liquidcrystal_i2c.c:358:13:Send	24	static
../Core/Src/liquidcrystal_i2c.c:366:13:Write4Bits	16	static
../Core/Src/liquidcrystal_i2c.c:372:13:ExpanderWrite	32	static
../Core/Src/liquidcrystal_i2c.c:378:13:PulseEnable	16	static
../Core/Src/liquidcrystal_i2c.c:387:13:DelayInit	4	static,ignoring_inline_asm
../Core/Src/liquidcrystal_i2c.c:403:13:DelayUS	32	static
