../Core/Src/main.c:84:5:main	1056	static
../Core/Src/main.c:339:6:SystemClock_Config	88	static
../Core/Src/main.c:387:13:MX_I2C1_Init	8	static
../Core/Src/main.c:421:13:MX_TIM2_Init	64	static
../Core/Src/main.c:480:13:MX_TIM3_Init	64	static
../Core/Src/main.c:539:13:MX_USART2_UART_Init	8	static
../Core/Src/main.c:572:13:MX_GPIO_Init	48	static
../Core/Src/main.c:617:6:stampa	32	static
../Core/Src/main.c:638:6:stamparArrow	16	static
../Core/Src/main.c:680:6:stampalArrow	16	static
../Core/Src/main.c:722:5:verifica	32	static
../Core/Src/main.c:739:6:spersonaggio	16	static
../Core/Src/main.c:755:6:stampaSArrow	16	static
../Core/Src/main.c:782:5:updatea	24	static
../Core/Src/main.c:832:5:updatea2	32	static
../Core/Src/main.c:856:6:Error_Handler	4	static,ignoring_inline_asm
